Vivado Simulator v2024.2.0
Copyright 1986-2022 Xilinx, Inc. All Rights Reserved.
Copyright 2022-2024 Advanced Micro Devices, Inc. All Rights Reserved.
Running: /tools/Xilinx/Vivado/2024.2/bin/unwrapped/lnx64.o/xelab -L rtl --timescale 1ns/1ps --override_timeunit --override_timeprecision -s rtl_snap rtl.processor rtl.regfile --log xelab_rtl.log 
Multi-threading is on. Using 2 slave threads.
Starting static elaboration
Pass Through NonSizing Optimizer
Completed static elaboration
Starting simulation data flow analysis
Completed simulation data flow analysis
Time Resolution for simulation is 1ps
Compiling module rtl.mux_2(WIDTH=32)
Compiling module rtl.add_8
Compiling module rtl.mux_4(WIDTH=32)
Compiling module rtl.mux_8(WIDTH=32)
Compiling module rtl.alu
Compiling module rtl.dffe_ref
Compiling module rtl.register_default
Compiling module rtl.tff
Compiling module rtl.register(WIDTH=65)
Compiling module rtl.register(WIDTH=64)
Compiling module rtl.multdiv
Compiling module rtl.processor
Compiling module rtl.regfile
Built simulation snapshot rtl_snap
