INFO: [VRFC 10-2263] Analyzing Verilog file "/home/siddh/proc-toolchain/main/proc/alu/add_8.v" into library rtl
INFO: [VRFC 10-311] analyzing module add_8
INFO: [VRFC 10-2263] Analyzing Verilog file "/home/siddh/proc-toolchain/main/proc/alu/alu.v" into library rtl
INFO: [VRFC 10-311] analyzing module alu
INFO: [VRFC 10-2263] Analyzing Verilog file "/home/siddh/proc-toolchain/main/proc/dffe_ref.v" into library rtl
INFO: [VRFC 10-311] analyzing module dffe_ref
INFO: [VRFC 10-2263] Analyzing Verilog file "/home/siddh/proc-toolchain/main/proc/multdiv/multdiv.v" into library rtl
INFO: [VRFC 10-311] analyzing module multdiv
INFO: [VRFC 10-2263] Analyzing Verilog file "/home/siddh/proc-toolchain/main/proc/mux_2.v" into library rtl
INFO: [VRFC 10-311] analyzing module mux_2
INFO: [VRFC 10-2263] Analyzing Verilog file "/home/siddh/proc-toolchain/main/proc/mux_4.v" into library rtl
INFO: [VRFC 10-311] analyzing module mux_4
INFO: [VRFC 10-2263] Analyzing Verilog file "/home/siddh/proc-toolchain/main/proc/mux_8.v" into library rtl
INFO: [VRFC 10-311] analyzing module mux_8
INFO: [VRFC 10-2263] Analyzing Verilog file "/home/siddh/proc-toolchain/main/proc/processor.v" into library rtl
INFO: [VRFC 10-311] analyzing module processor
WARNING: [VRFC 10-3380] identifier 'x_isBNE' is used before its declaration [/home/siddh/proc-toolchain/main/proc/processor.v:81]
WARNING: [VRFC 10-3380] identifier 'x_Branch' is used before its declaration [/home/siddh/proc-toolchain/main/proc/processor.v:82]
WARNING: [VRFC 10-3380] identifier 'd_isBEX' is used before its declaration [/home/siddh/proc-toolchain/main/proc/processor.v:88]
WARNING: [VRFC 10-3380] identifier 'fdinsn_out' is used before its declaration [/home/siddh/proc-toolchain/main/proc/processor.v:89]
WARNING: [VRFC 10-3380] identifier 'm_isSETX' is used before its declaration [/home/siddh/proc-toolchain/main/proc/processor.v:153]
WARNING: [VRFC 10-3380] identifier 'xminsn_out' is used before its declaration [/home/siddh/proc-toolchain/main/proc/processor.v:154]
WARNING: [VRFC 10-3380] identifier 'xmexception_out' is used before its declaration [/home/siddh/proc-toolchain/main/proc/processor.v:155]
WARNING: [VRFC 10-3380] identifier 'xmexception_out' is used before its declaration [/home/siddh/proc-toolchain/main/proc/processor.v:159]
WARNING: [VRFC 10-3380] identifier 'm_isSW' is used before its declaration [/home/siddh/proc-toolchain/main/proc/processor.v:201]
INFO: [VRFC 10-2263] Analyzing Verilog file "/home/siddh/proc-toolchain/main/proc/RAM.v" into library rtl
INFO: [VRFC 10-311] analyzing module RAM
INFO: [VRFC 10-2263] Analyzing Verilog file "/home/siddh/proc-toolchain/main/proc/regfile/regfile.v" into library rtl
INFO: [VRFC 10-311] analyzing module regfile
INFO: [VRFC 10-2263] Analyzing Verilog file "/home/siddh/proc-toolchain/main/proc/multdiv/register.v" into library rtl
INFO: [VRFC 10-311] analyzing module register
INFO: [VRFC 10-2263] Analyzing Verilog file "/home/siddh/proc-toolchain/main/proc/ROM.v" into library rtl
INFO: [VRFC 10-311] analyzing module ROM
INFO: [VRFC 10-2263] Analyzing Verilog file "/home/siddh/proc-toolchain/main/proc/tff.v" into library rtl
INFO: [VRFC 10-311] analyzing module tff
